n/neg026.jpg
n/neg057.jpg
n/neg066.jpg
n/neg065.jpg
n/neg064.jpg
n/neg058.jpg
n/neg063.jpg
n/neg062.jpg
n/neg061.jpg
n/neg060.jpg
n/neg059.jpg
n/neg025.jpg
n/neg067.jpg
n/neg012.png
n/neg011.png
n/neg010.png
n/neg009.png
n/neg008.png
n/neg007.png
n/neg006.png
n/neg005.png
n/neg004.png
n/neg003.png
n/neg209.png
n/neg208.png
n/neg207.png
n/neg206.png
n/neg205.png
n/neg204.png
n/neg203.png
n/neg202.png
n/neg201.png
n/neg200.png
n/neg197.png
n/neg196.png
n/neg194.png
n/neg192.png
n/neg190.png
n/neg188.png
n/neg187.png
n/neg185.png
n/neg183.png
n/neg181.png
n/neg177.png
n/neg175.png
n/neg173.png
n/neg171.png
n/neg169.png
n/neg167.png
n/neg165.png
n/neg163.png
n/neg161.png
n/neg159.png
n/neg155.png
n/neg153.png
n/neg151.png
n/neg149.png
n/neg146.png
n/neg144.png
n/neg143.png
n/neg141.png
n/neg139.png
n/neg136.png
n/neg132.png
n/neg131.png
n/neg129.png
n/neg126.png
n/neg124.png
n/neg122.png
n/neg120.png
n/neg119.png
n/neg116.png
n/neg114.png
n/neg110.png
n/neg108.png
n/neg106.png
n/neg104.png
n/neg102.png
n/neg101.png
n/neg099.png
n/neg096.png
n/neg095.png
n/neg093.png
n/neg088.png
n/neg087.png
n/neg085.png
n/neg082.png
n/neg081.png
n/neg079.png
n/neg077.png
n/neg075.png
n/neg073.png
n/neg071.png
n/neg056.png
n/neg053.png
n/neg051.png
n/neg049.png
n/neg047.png
n/neg046.png
n/neg044.png
n/neg042.png
n/neg039.png
n/neg038.png
n/neg034.png
n/neg031.png
n/neg030.png
n/neg027.png
n/neg024.png
n/neg022.png
n/neg019.png
n/neg018.png
n/neg016.png
n/neg014.png
n/neg211.png
n/neg199.png
n/neg179.png
n/neg157.png
n/neg135.png
n/neg113.png
n/neg091.png
n/neg069.png
n/neg036.png
n/neg002.png
n/neg195.png
n/neg193.png
n/neg191.png
n/neg189.png
n/neg186.png
n/neg184.png
n/neg182.png
n/neg180.png
n/neg176.png
n/neg174.png
n/neg172.png
n/neg170.png
n/neg168.png
n/neg166.png
n/neg164.png
n/neg162.png
n/neg160.png
n/neg158.png
n/neg154.png
n/neg152.png
n/neg150.png
n/neg148.png
n/neg147.png
n/neg145.png
n/neg142.png
n/neg140.png
n/neg138.png
n/neg137.png
n/neg133.png
n/neg130.png
n/neg128.png
n/neg127.png
n/neg125.png
n/neg123.png
n/neg121.png
n/neg118.png
n/neg117.png
n/neg115.png
n/neg111.png
n/neg109.png
n/neg107.png
n/neg105.png
n/neg103.png
n/neg100.png
n/neg098.png
n/neg097.png
n/neg094.png
n/neg092.png
n/neg089.png
n/neg086.png
n/neg084.png
n/neg083.png
n/neg080.png
n/neg078.png
n/neg076.png
n/neg074.png
n/neg072.png
n/neg070.png
n/neg055.png
n/neg054.png
n/neg052.png
n/neg050.png
n/neg048.png
n/neg045.png
n/neg043.png
n/neg041.png
n/neg040.png
n/neg037.png
n/neg033.png
n/neg032.png
n/neg029.png
n/neg028.png
n/neg023.png
n/neg021.png
n/neg020.png
n/neg017.png
n/neg015.png
n/neg013.png
n/neg210.png
n/neg198.png
n/neg178.png
n/neg156.png
n/neg134.png
n/neg112.png
n/neg090.png
n/neg068.png
n/neg035.png
n/neg001.png